// Jest Snapshot v1, https://goo.gl/fbAQLP

exports[`Test on <Item /> component should render the component correctly 1`] = `
<img
  alt="Image description"
  className="masonry-item animate__animated animate__fadeIn animate__delay-1s"
  src="http://domine/image.png"
/>
`;
